python : C:\Users\vojte\AppData\Local\Programs\Python\Python312\python.exe: can't open file 'C:\\apps\\aggregator\\scripts\\test_price_feeds.py': [Errno 2] No 
such file or directory
At line:1 char:1
+ python scripts/test_price_feeds.py --kraken > test_output.txt 2>&1; t ...
+ ~~~~~~~~~~~~~~~~~~~~~~~~~~~~~~~~~~~~~~~~~~~~~~~~~~~~~~~~~~~~~~~~~~
    + CategoryInfo          : NotSpecified: (C:\Users\vojte\...le or directory:String) [], RemoteException
    + FullyQualifiedErrorId : NativeCommandError
 
